// Vitest Snapshot v1, https://vitest.dev/guide/snapshot.html

exports[`manifest-backcompat: frontmatter scan produces same capability surface > all curated agents resolve to their expected template 1`] = `
{
  "api-designer": {
    "harness": "*",
    "mcp": [
      "set_status",
      "set_handoff",
      "check_messages",
      "send_message",
      "lock_files",
      "unlock_files",
      "get_status",
      "check_health",
      "bureau_health",
      "get_version",
      "declare_intent",
      "post_discovery",
      "query_discoveries",
      "query_all_discoveries",
      "yield_to",
      "heartbeat",
      "start_test_service",
      "extend_lease",
      "stop_test_service",
      "list_test_services",
    ],
    "suppressMemory": false,
  },
  "architect": {
    "harness": "*",
    "mcp": [
      "set_status",
      "set_handoff",
      "check_messages",
      "send_message",
      "lock_files",
      "unlock_files",
      "get_status",
      "check_health",
      "bureau_health",
      "get_version",
      "declare_intent",
      "post_discovery",
      "query_discoveries",
      "query_all_discoveries",
      "yield_to",
      "heartbeat",
      "start_test_service",
      "extend_lease",
      "stop_test_service",
      "list_test_services",
    ],
    "suppressMemory": false,
  },
  "backend-dev": {
    "harness": "*",
    "mcp": [
      "set_status",
      "set_handoff",
      "check_messages",
      "send_message",
      "lock_files",
      "unlock_files",
      "get_status",
      "check_health",
      "bureau_health",
      "get_version",
      "declare_intent",
      "post_discovery",
      "query_discoveries",
      "query_all_discoveries",
      "yield_to",
      "heartbeat",
      "start_test_service",
      "extend_lease",
      "stop_test_service",
      "list_test_services",
    ],
    "suppressMemory": false,
  },
  "changelog-writer": {
    "harness": "*",
    "mcp": [
      "set_status",
      "set_handoff",
      "check_messages",
      "send_message",
      "lock_files",
      "unlock_files",
      "get_status",
      "check_health",
      "bureau_health",
      "get_version",
      "declare_intent",
      "post_discovery",
      "query_discoveries",
      "query_all_discoveries",
      "yield_to",
      "heartbeat",
      "start_test_service",
      "extend_lease",
      "stop_test_service",
      "list_test_services",
    ],
    "suppressMemory": false,
  },
  "code-reviewer": {
    "harness": "*",
    "mcp": [
      "set_status",
      "set_handoff",
      "check_messages",
      "send_message",
      "lock_files",
      "unlock_files",
      "get_status",
      "check_health",
      "bureau_health",
      "get_version",
      "declare_intent",
      "post_discovery",
      "query_discoveries",
      "query_all_discoveries",
      "yield_to",
      "heartbeat",
      "start_test_service",
      "extend_lease",
      "stop_test_service",
      "list_test_services",
    ],
    "suppressMemory": false,
  },
  "coder": {
    "harness": "*",
    "mcp": [
      "set_status",
      "set_handoff",
      "check_messages",
      "send_message",
      "lock_files",
      "unlock_files",
      "get_status",
      "check_health",
      "bureau_health",
      "get_version",
      "declare_intent",
      "post_discovery",
      "query_discoveries",
      "query_all_discoveries",
      "yield_to",
      "heartbeat",
      "start_test_service",
      "extend_lease",
      "stop_test_service",
      "list_test_services",
    ],
    "suppressMemory": false,
  },
  "database-admin": {
    "harness": "*",
    "mcp": [
      "set_status",
      "set_handoff",
      "check_messages",
      "send_message",
      "lock_files",
      "unlock_files",
      "get_status",
      "check_health",
      "bureau_health",
      "get_version",
      "declare_intent",
      "post_discovery",
      "query_discoveries",
      "query_all_discoveries",
      "yield_to",
      "heartbeat",
      "start_test_service",
      "extend_lease",
      "stop_test_service",
      "list_test_services",
    ],
    "suppressMemory": false,
  },
  "debugger": {
    "harness": "*",
    "mcp": [
      "set_status",
      "set_handoff",
      "check_messages",
      "send_message",
      "lock_files",
      "unlock_files",
      "get_status",
      "check_health",
      "bureau_health",
      "get_version",
      "declare_intent",
      "post_discovery",
      "query_discoveries",
      "query_all_discoveries",
      "yield_to",
      "heartbeat",
      "start_test_service",
      "extend_lease",
      "stop_test_service",
      "list_test_services",
    ],
    "suppressMemory": false,
  },
  "dependency-auditor": {
    "harness": "*",
    "mcp": [
      "set_status",
      "set_handoff",
      "check_messages",
      "send_message",
      "lock_files",
      "unlock_files",
      "get_status",
      "check_health",
      "bureau_health",
      "get_version",
      "declare_intent",
      "post_discovery",
      "query_discoveries",
      "query_all_discoveries",
      "yield_to",
      "heartbeat",
      "start_test_service",
      "extend_lease",
      "stop_test_service",
      "list_test_services",
    ],
    "suppressMemory": false,
  },
  "devops": {
    "harness": "*",
    "mcp": [
      "set_status",
      "set_handoff",
      "check_messages",
      "send_message",
      "lock_files",
      "unlock_files",
      "get_status",
      "check_health",
      "bureau_health",
      "get_version",
      "declare_intent",
      "post_discovery",
      "query_discoveries",
      "query_all_discoveries",
      "yield_to",
      "heartbeat",
      "start_test_service",
      "extend_lease",
      "stop_test_service",
      "list_test_services",
      "declare_task_graph",
      "spawn_session",
      "await_graph_event",
      "approve_task",
      "reject_task",
      "retry_task",
      "add_task",
      "get_task_graph",
      "monitor_graph",
      "observe_events",
      "list_agents",
      "use_template",
      "list_templates",
      "merge_graphs",
      "broadcast",
      "list_peers",
      "get_result",
      "get_handoff",
      "get_rework_history",
      "resume_graph",
      "get_agent_log",
      "list_graphs",
      "get_workspace_state",
      "create_agent",
      "refresh_agents",
      "list_models",
    ],
    "suppressMemory": false,
  },
  "docs-writer": {
    "harness": "*",
    "mcp": [
      "set_status",
      "set_handoff",
      "check_messages",
      "send_message",
      "lock_files",
      "unlock_files",
      "get_status",
      "check_health",
      "bureau_health",
      "get_version",
      "declare_intent",
      "post_discovery",
      "query_discoveries",
      "query_all_discoveries",
      "yield_to",
      "heartbeat",
      "start_test_service",
      "extend_lease",
      "stop_test_service",
      "list_test_services",
    ],
    "suppressMemory": false,
  },
  "e2e-tester": {
    "harness": "*",
    "mcp": [
      "set_status",
      "set_handoff",
      "check_messages",
      "send_message",
      "lock_files",
      "unlock_files",
      "get_status",
      "check_health",
      "bureau_health",
      "get_version",
      "declare_intent",
      "post_discovery",
      "query_discoveries",
      "query_all_discoveries",
      "yield_to",
      "heartbeat",
      "start_test_service",
      "extend_lease",
      "stop_test_service",
      "list_test_services",
    ],
    "suppressMemory": false,
  },
  "frontend-dev": {
    "harness": "*",
    "mcp": [
      "set_status",
      "set_handoff",
      "check_messages",
      "send_message",
      "lock_files",
      "unlock_files",
      "get_status",
      "check_health",
      "bureau_health",
      "get_version",
      "declare_intent",
      "post_discovery",
      "query_discoveries",
      "query_all_discoveries",
      "yield_to",
      "heartbeat",
      "start_test_service",
      "extend_lease",
      "stop_test_service",
      "list_test_services",
    ],
    "suppressMemory": false,
  },
  "incident-responder": {
    "harness": "*",
    "mcp": [
      "set_status",
      "set_handoff",
      "check_messages",
      "send_message",
      "lock_files",
      "unlock_files",
      "get_status",
      "check_health",
      "bureau_health",
      "get_version",
      "declare_intent",
      "post_discovery",
      "query_discoveries",
      "query_all_discoveries",
      "yield_to",
      "heartbeat",
      "start_test_service",
      "extend_lease",
      "stop_test_service",
      "list_test_services",
      "declare_task_graph",
      "spawn_session",
      "await_graph_event",
      "approve_task",
      "reject_task",
      "retry_task",
      "add_task",
      "get_task_graph",
      "monitor_graph",
      "observe_events",
      "list_agents",
      "use_template",
      "list_templates",
      "merge_graphs",
      "broadcast",
      "list_peers",
      "get_result",
      "get_handoff",
      "get_rework_history",
      "resume_graph",
      "get_agent_log",
      "list_graphs",
      "get_workspace_state",
      "create_agent",
      "refresh_agents",
      "list_models",
    ],
    "suppressMemory": false,
  },
  "integrator": {
    "harness": "*",
    "mcp": [
      "set_status",
      "set_handoff",
      "check_messages",
      "send_message",
      "lock_files",
      "unlock_files",
      "get_status",
      "check_health",
      "bureau_health",
      "get_version",
      "declare_intent",
      "post_discovery",
      "query_discoveries",
      "query_all_discoveries",
      "yield_to",
      "heartbeat",
      "start_test_service",
      "extend_lease",
      "stop_test_service",
      "list_test_services",
      "declare_task_graph",
      "spawn_session",
      "await_graph_event",
      "approve_task",
      "reject_task",
      "retry_task",
      "add_task",
      "get_task_graph",
      "monitor_graph",
      "observe_events",
      "list_agents",
      "use_template",
      "list_templates",
      "merge_graphs",
      "broadcast",
      "list_peers",
      "get_result",
      "get_handoff",
      "get_rework_history",
      "resume_graph",
      "get_agent_log",
      "list_graphs",
      "get_workspace_state",
      "create_agent",
      "refresh_agents",
      "list_models",
    ],
    "suppressMemory": false,
  },
  "merge-coordinator": {
    "harness": "*",
    "mcp": [
      "set_status",
      "set_handoff",
      "check_messages",
      "send_message",
      "lock_files",
      "unlock_files",
      "get_status",
      "check_health",
      "bureau_health",
      "get_version",
      "declare_intent",
      "post_discovery",
      "query_discoveries",
      "query_all_discoveries",
      "yield_to",
      "heartbeat",
      "start_test_service",
      "extend_lease",
      "stop_test_service",
      "list_test_services",
    ],
    "suppressMemory": false,
  },
  "performance-reviewer": {
    "harness": "*",
    "mcp": [
      "set_status",
      "set_handoff",
      "check_messages",
      "send_message",
      "lock_files",
      "unlock_files",
      "get_status",
      "check_health",
      "bureau_health",
      "get_version",
      "declare_intent",
      "post_discovery",
      "query_discoveries",
      "query_all_discoveries",
      "yield_to",
      "heartbeat",
      "start_test_service",
      "extend_lease",
      "stop_test_service",
      "list_test_services",
    ],
    "suppressMemory": false,
  },
  "product-analyst": {
    "harness": "*",
    "mcp": [
      "set_status",
      "set_handoff",
      "check_messages",
      "send_message",
      "lock_files",
      "unlock_files",
      "get_status",
      "check_health",
      "bureau_health",
      "get_version",
      "declare_intent",
      "post_discovery",
      "query_discoveries",
      "query_all_discoveries",
      "yield_to",
      "heartbeat",
      "start_test_service",
      "extend_lease",
      "stop_test_service",
      "list_test_services",
    ],
    "suppressMemory": false,
  },
  "prompt-auditor": {
    "harness": "*",
    "mcp": [
      "set_status",
      "set_handoff",
      "check_messages",
      "send_message",
      "lock_files",
      "unlock_files",
      "get_status",
      "check_health",
      "bureau_health",
      "get_version",
      "declare_intent",
      "post_discovery",
      "query_discoveries",
      "query_all_discoveries",
      "yield_to",
      "heartbeat",
      "start_test_service",
      "extend_lease",
      "stop_test_service",
      "list_test_services",
    ],
    "suppressMemory": false,
  },
  "prompt-engineer": {
    "harness": "*",
    "mcp": [
      "set_status",
      "set_handoff",
      "check_messages",
      "send_message",
      "lock_files",
      "unlock_files",
      "get_status",
      "check_health",
      "bureau_health",
      "get_version",
      "declare_intent",
      "post_discovery",
      "query_discoveries",
      "query_all_discoveries",
      "yield_to",
      "heartbeat",
      "start_test_service",
      "extend_lease",
      "stop_test_service",
      "list_test_services",
    ],
    "suppressMemory": false,
  },
  "qa-analyst": {
    "harness": "*",
    "mcp": [
      "set_status",
      "set_handoff",
      "check_messages",
      "send_message",
      "lock_files",
      "unlock_files",
      "get_status",
      "check_health",
      "bureau_health",
      "get_version",
      "declare_intent",
      "post_discovery",
      "query_discoveries",
      "query_all_discoveries",
      "yield_to",
      "heartbeat",
      "start_test_service",
      "extend_lease",
      "stop_test_service",
      "list_test_services",
    ],
    "suppressMemory": false,
  },
  "refactorer": {
    "harness": "*",
    "mcp": [
      "set_status",
      "set_handoff",
      "check_messages",
      "send_message",
      "lock_files",
      "unlock_files",
      "get_status",
      "check_health",
      "bureau_health",
      "get_version",
      "declare_intent",
      "post_discovery",
      "query_discoveries",
      "query_all_discoveries",
      "yield_to",
      "heartbeat",
      "start_test_service",
      "extend_lease",
      "stop_test_service",
      "list_test_services",
    ],
    "suppressMemory": false,
  },
  "release-manager": {
    "harness": "*",
    "mcp": [
      "set_status",
      "set_handoff",
      "check_messages",
      "send_message",
      "lock_files",
      "unlock_files",
      "get_status",
      "check_health",
      "bureau_health",
      "get_version",
      "declare_intent",
      "post_discovery",
      "query_discoveries",
      "query_all_discoveries",
      "yield_to",
      "heartbeat",
      "start_test_service",
      "extend_lease",
      "stop_test_service",
      "list_test_services",
      "declare_task_graph",
      "spawn_session",
      "await_graph_event",
      "approve_task",
      "reject_task",
      "retry_task",
      "add_task",
      "get_task_graph",
      "monitor_graph",
      "observe_events",
      "list_agents",
      "use_template",
      "list_templates",
      "merge_graphs",
      "broadcast",
      "list_peers",
      "get_result",
      "get_handoff",
      "get_rework_history",
      "resume_graph",
      "get_agent_log",
      "list_graphs",
      "get_workspace_state",
      "create_agent",
      "refresh_agents",
      "list_models",
    ],
    "suppressMemory": false,
  },
  "researcher": {
    "harness": "*",
    "mcp": [
      "set_status",
      "set_handoff",
      "check_messages",
      "send_message",
      "lock_files",
      "unlock_files",
      "get_status",
      "check_health",
      "bureau_health",
      "get_version",
      "declare_intent",
      "post_discovery",
      "query_discoveries",
      "query_all_discoveries",
      "yield_to",
      "heartbeat",
      "start_test_service",
      "extend_lease",
      "stop_test_service",
      "list_test_services",
    ],
    "suppressMemory": false,
  },
  "security-auditor": {
    "harness": "*",
    "mcp": [
      "set_status",
      "set_handoff",
      "check_messages",
      "send_message",
      "lock_files",
      "unlock_files",
      "get_status",
      "check_health",
      "bureau_health",
      "get_version",
      "declare_intent",
      "post_discovery",
      "query_discoveries",
      "query_all_discoveries",
      "yield_to",
      "heartbeat",
      "start_test_service",
      "extend_lease",
      "stop_test_service",
      "list_test_services",
    ],
    "suppressMemory": false,
  },
  "security-reviewer": {
    "harness": "*",
    "mcp": [
      "set_status",
      "set_handoff",
      "check_messages",
      "send_message",
      "lock_files",
      "unlock_files",
      "get_status",
      "check_health",
      "bureau_health",
      "get_version",
      "declare_intent",
      "post_discovery",
      "query_discoveries",
      "query_all_discoveries",
      "yield_to",
      "heartbeat",
      "start_test_service",
      "extend_lease",
      "stop_test_service",
      "list_test_services",
    ],
    "suppressMemory": false,
  },
  "self-improvement-coordinator": {
    "harness": "*",
    "mcp": [
      "set_status",
      "set_handoff",
      "check_messages",
      "send_message",
      "lock_files",
      "unlock_files",
      "get_status",
      "check_health",
      "bureau_health",
      "get_version",
      "declare_intent",
      "post_discovery",
      "query_discoveries",
      "query_all_discoveries",
      "yield_to",
      "heartbeat",
      "start_test_service",
      "extend_lease",
      "stop_test_service",
      "list_test_services",
      "declare_task_graph",
      "spawn_session",
      "await_graph_event",
      "approve_task",
      "reject_task",
      "retry_task",
      "add_task",
      "get_task_graph",
      "monitor_graph",
      "observe_events",
      "list_agents",
      "use_template",
      "list_templates",
      "merge_graphs",
      "broadcast",
      "list_peers",
      "get_result",
      "get_handoff",
      "get_rework_history",
      "resume_graph",
      "get_agent_log",
      "list_graphs",
      "get_workspace_state",
      "create_agent",
      "refresh_agents",
      "list_models",
    ],
    "suppressMemory": false,
  },
  "session-analyzer": {
    "harness": "*",
    "mcp": [
      "set_status",
      "set_handoff",
      "check_messages",
      "send_message",
      "lock_files",
      "unlock_files",
      "get_status",
      "check_health",
      "bureau_health",
      "get_version",
      "declare_intent",
      "post_discovery",
      "query_discoveries",
      "query_all_discoveries",
      "yield_to",
      "heartbeat",
      "start_test_service",
      "extend_lease",
      "stop_test_service",
      "list_test_services",
    ],
    "suppressMemory": false,
  },
  "tech-lead": {
    "harness": "*",
    "mcp": [
      "set_status",
      "set_handoff",
      "check_messages",
      "send_message",
      "lock_files",
      "unlock_files",
      "get_status",
      "check_health",
      "bureau_health",
      "get_version",
      "declare_intent",
      "post_discovery",
      "query_discoveries",
      "query_all_discoveries",
      "yield_to",
      "heartbeat",
      "start_test_service",
      "extend_lease",
      "stop_test_service",
      "list_test_services",
      "declare_task_graph",
      "spawn_session",
      "await_graph_event",
      "approve_task",
      "reject_task",
      "retry_task",
      "add_task",
      "get_task_graph",
      "monitor_graph",
      "observe_events",
      "list_agents",
      "use_template",
      "list_templates",
      "merge_graphs",
      "broadcast",
      "list_peers",
      "get_result",
      "get_handoff",
      "get_rework_history",
      "resume_graph",
      "get_agent_log",
      "list_graphs",
      "get_workspace_state",
      "create_agent",
      "refresh_agents",
      "list_models",
    ],
    "suppressMemory": false,
  },
  "tester": {
    "harness": "*",
    "mcp": [
      "set_status",
      "set_handoff",
      "check_messages",
      "send_message",
      "lock_files",
      "unlock_files",
      "get_status",
      "check_health",
      "bureau_health",
      "get_version",
      "declare_intent",
      "post_discovery",
      "query_discoveries",
      "query_all_discoveries",
      "yield_to",
      "heartbeat",
      "start_test_service",
      "extend_lease",
      "stop_test_service",
      "list_test_services",
    ],
    "suppressMemory": false,
  },
}
`;
